19:30:29 [0m[33m[WARN] [0mCollecting statistics
(leq ?__x0 ?__y1) => (or (= ?__x0 ?__y1) (less ?__x0 ?__y1))
(or (= ?__x0 ?__y1) (less ?__x0 ?__y1)) => (leq ?__x0 ?__y1)
(double zero) => zero
zero => (double zero)
(double (succ ?n)) => (succ (succ (double ?n)))
(succ (succ (double ?n))) => (double (succ ?n))
(append nil ?x) => ?x
(append (cons ?x2 ?y) ?z) => (cons ?x2 (append ?y ?z))
(cons ?x2 (append ?y ?z)) => (append (cons ?x2 ?y) ?z)
(len nil) => zero
zero => (len nil)
(len (cons ?x3 ?y)) => (succ (len ?y))
19:30:29 [0m[33m[WARN] [0m ex is: zero
19:30:29 [0m[33m[WARN] [0m ex is: (succ zero)
19:30:29 [0m[33m[WARN] [0m ex is: (succ (succ zero))
19:30:29 [0m[33m[WARN] [0m ex is: nil
19:30:29 [0m[33m[WARN] [0m ex is: (cons autovar_Nat_0 nil)
19:30:29 [0m[33m[WARN] [0m ex is: (cons autovar_Nat_1 (cons autovar_Nat_0 nil))
19:30:29 [0m[33m[WARN] [0mRunning exploration without proof mode, but goals were given
19:30:29 [0m[33m[WARN] [0mProof mode: true
19:30:29 [0m[33m[WARN] [0m ex is: zero
19:30:29 [0m[33m[WARN] [0m ex is: (succ zero)
19:30:29 [0m[33m[WARN] [0m ex is: (succ (succ zero))
19:30:29 [0m[33m[WARN] [0m ex is: nil
19:30:29 [0m[33m[WARN] [0m ex is: (cons autovar_Nat_0 nil)
19:30:29 [0m[33m[WARN] [0m ex is: (cons autovar_Nat_1 (cons autovar_Nat_0 nil))
19:30:29 [0m[33m[WARN] [0mRunning exploration without proof mode, but goals were given
19:30:29 [0m[33m[WARN] [0mProof mode: true
19:30:29 [0m[33m[WARN] [0mproved: (append ?ts_ph_Lst_0 nil) => ?ts_ph_Lst_0
19:30:29 [0m[33m[WARN] [0mproved: (leq zero ?ts_ph_Nat_0) => true
19:30:31 [0m[33m[WARN] [0mproved: (leq (succ zero) (succ ?ts_ph_Nat_0)) => true
19:30:31 [0m[33m[WARN] [0mproved: (leq (succ zero) ?ts_ph_Nat_0) => (leq (succ zero) (double ?ts_ph_Nat_0))
19:30:31 [0m[33m[WARN] [0mproved: (leq (succ zero) (double ?ts_ph_Nat_0)) => (leq (succ zero) ?ts_ph_Nat_0)
19:30:32 [0m[33m[WARN] [0mproved: (append ?ts_ph_Lst_0 (append ?ts_ph_Lst_1 ?ts_ph_Lst_2)) => (append (append ?ts_ph_Lst_0 ?ts_ph_Lst_1) ?ts_ph_Lst_2)
19:30:32 [0m[33m[WARN] [0mproved: (append (append ?ts_ph_Lst_0 ?ts_ph_Lst_1) ?ts_ph_Lst_2) => (append ?ts_ph_Lst_0 (append ?ts_ph_Lst_1 ?ts_ph_Lst_2))
done in 2760
