19:36:27 [0m[33m[WARN] [0mCollecting statistics
(leq ?__x0 ?__y1) => (or (= ?__x0 ?__y1) (less ?__x0 ?__y1))
(or (= ?__x0 ?__y1) (less ?__x0 ?__y1)) => (leq ?__x0 ?__y1)
(append nil ?x) => ?x
(append (cons ?x2 ?y) ?z) => (cons ?x2 (append ?y ?z))
(cons ?x2 (append ?y ?z)) => (append (cons ?x2 ?y) ?z)
(len nil) => zero
zero => (len nil)
(len (cons ?x3 ?y)) => (succ (len ?y))
(rev nil) => nil
nil => (rev nil)
(rev (cons ?x4 ?y)) => (append (rev ?y) (cons ?x4 nil))
(append (rev ?y) (cons ?x4 nil)) => (rev (cons ?x4 ?y))
19:36:27 [0m[33m[WARN] [0m ex is: zero
19:36:27 [0m[33m[WARN] [0m ex is: (succ zero)
19:36:27 [0m[33m[WARN] [0m ex is: (succ (succ zero))
19:36:27 [0m[33m[WARN] [0m ex is: nil
19:36:27 [0m[33m[WARN] [0m ex is: (cons autovar_Nat_0 nil)
19:36:27 [0m[33m[WARN] [0m ex is: (cons autovar_Nat_1 (cons autovar_Nat_0 nil))
19:36:27 [0m[33m[WARN] [0mRunning exploration without proof mode, but goals were given
19:36:27 [0m[33m[WARN] [0mProof mode: true
19:36:27 [0m[33m[WARN] [0m ex is: zero
19:36:27 [0m[33m[WARN] [0m ex is: (succ zero)
19:36:27 [0m[33m[WARN] [0m ex is: (succ (succ zero))
19:36:27 [0m[33m[WARN] [0m ex is: nil
19:36:27 [0m[33m[WARN] [0m ex is: (cons autovar_Nat_0 nil)
19:36:27 [0m[33m[WARN] [0m ex is: (cons autovar_Nat_1 (cons autovar_Nat_0 nil))
19:36:27 [0m[33m[WARN] [0mRunning exploration without proof mode, but goals were given
19:36:27 [0m[33m[WARN] [0mProof mode: true
19:36:27 [0m[33m[WARN] [0mproved: (leq zero ?ts_ph_Nat_0) => true
19:36:27 [0m[33m[WARN] [0mproved: (append ?ts_ph_Lst_0 nil) => ?ts_ph_Lst_0
19:36:29 [0m[33m[WARN] [0mproved: (leq (succ zero) (succ ?ts_ph_Nat_0)) => true
19:36:29 [0m[33m[WARN] [0mproved: (append (append ?ts_ph_Lst_0 ?ts_ph_Lst_1) ?ts_ph_Lst_2) => (append ?ts_ph_Lst_0 (append ?ts_ph_Lst_1 ?ts_ph_Lst_2))
19:36:29 [0m[33m[WARN] [0mproved: (append ?ts_ph_Lst_0 (append ?ts_ph_Lst_1 ?ts_ph_Lst_2)) => (append (append ?ts_ph_Lst_0 ?ts_ph_Lst_1) ?ts_ph_Lst_2)
19:36:29 [0m[33m[WARN] [0mproved: (append (rev ?ts_ph_Lst_1) (rev ?ts_ph_Lst_0)) => (rev (append ?ts_ph_Lst_0 ?ts_ph_Lst_1))
19:36:29 [0m[33m[WARN] [0mproved: (rev (append ?ts_ph_Lst_0 ?ts_ph_Lst_1)) => (append (rev ?ts_ph_Lst_1) (rev ?ts_ph_Lst_0))
19:36:29 [0m[33m[WARN] [0mproved: (rev (rev ?ts_ph_Lst_0)) => ?ts_ph_Lst_0
done in 2512
