19:34:07 [0m[33m[WARN] [0mCollecting statistics
(leq ?__x0 ?__y1) => (or (= ?__x0 ?__y1) (less ?__x0 ?__y1))
(or (= ?__x0 ?__y1) (less ?__x0 ?__y1)) => (leq ?__x0 ?__y1)
(plus zero ?n) => ?n
(plus (succ ?n) ?m) => (succ (plus ?n ?m))
(succ (plus ?n ?m)) => (plus (succ ?n) ?m)
(half zero) => zero
zero => (half zero)
(half (succ zero)) => zero
zero => (half (succ zero))
(half (succ (succ ?n))) => (succ (half ?n))
(succ (half ?n)) => (half (succ (succ ?n)))
19:34:07 [0m[33m[WARN] [0m ex is: zero
19:34:07 [0m[33m[WARN] [0m ex is: (succ zero)
19:34:07 [0m[33m[WARN] [0m ex is: (succ (succ zero))
19:34:07 [0m[33m[WARN] [0mRunning exploration without proof mode, but goals were given
19:34:07 [0m[33m[WARN] [0mProof mode: true
19:34:07 [0m[33m[WARN] [0m ex is: zero
19:34:07 [0m[33m[WARN] [0m ex is: (succ zero)
19:34:07 [0m[33m[WARN] [0m ex is: (succ (succ zero))
19:34:07 [0m[33m[WARN] [0mRunning exploration without proof mode, but goals were given
19:34:07 [0m[33m[WARN] [0mProof mode: true
19:34:07 [0m[33m[WARN] [0mproved: (leq zero ?ts_ph_Nat_0) => true
19:34:07 [0m[33m[WARN] [0mproved: (plus ?ts_ph_Nat_0 zero) => ?ts_ph_Nat_0
19:34:10 [0m[33m[WARN] [0mproved: (plus ?ts_ph_Nat_0 (succ ?ts_ph_Nat_1)) => (succ (plus ?ts_ph_Nat_0 ?ts_ph_Nat_1))
19:34:10 [0m[33m[WARN] [0mproved: (succ (plus ?ts_ph_Nat_0 ?ts_ph_Nat_1)) => (plus ?ts_ph_Nat_0 (succ ?ts_ph_Nat_1))
19:34:10 [0m[33m[WARN] [0mFound all lemmas
done in 3219
