19:39:30 [0m[33m[WARN] [0mCollecting statistics
(append nil ?x) => ?x
(append (cons ?x0 ?y) ?z) => (cons ?x0 (append ?y ?z))
(cons ?x0 (append ?y ?z)) => (append (cons ?x0 ?y) ?z)
(rev nil) => nil
nil => (rev nil)
(rev (cons ?x1 ?y)) => (append (rev ?y) (cons ?x1 nil))
(append (rev ?y) (cons ?x1 nil)) => (rev (cons ?x1 ?y))
(qreva nil ?x) => ?x
(qreva (cons ?z2 ?x) ?y) => (qreva ?x (cons ?z2 ?y))
(qreva ?x (cons ?z2 ?y)) => (qreva (cons ?z2 ?x) ?y)
(qrev ?x) => (qreva ?x nil)
(qreva ?x nil) => (qrev ?x)
19:39:30 [0m[33m[WARN] [0m ex is: zero
19:39:30 [0m[33m[WARN] [0m ex is: (succ zero)
19:39:30 [0m[33m[WARN] [0m ex is: (succ (succ zero))
19:39:30 [0m[33m[WARN] [0m ex is: nil
19:39:30 [0m[33m[WARN] [0m ex is: (cons autovar_Nat_0 nil)
19:39:30 [0m[33m[WARN] [0m ex is: (cons autovar_Nat_1 (cons autovar_Nat_0 nil))
19:39:30 [0m[33m[WARN] [0mRunning exploration without proof mode, but goals were given
19:39:30 [0m[33m[WARN] [0mProof mode: true
19:39:30 [0m[33m[WARN] [0m ex is: zero
19:39:30 [0m[33m[WARN] [0m ex is: (succ zero)
19:39:30 [0m[33m[WARN] [0m ex is: (succ (succ zero))
19:39:30 [0m[33m[WARN] [0m ex is: nil
19:39:30 [0m[33m[WARN] [0m ex is: (cons autovar_Nat_0 nil)
19:39:30 [0m[33m[WARN] [0m ex is: (cons autovar_Nat_1 (cons autovar_Nat_0 nil))
19:39:30 [0m[33m[WARN] [0mRunning exploration without proof mode, but goals were given
19:39:30 [0m[33m[WARN] [0mProof mode: true
19:39:30 [0m[33m[WARN] [0mproved: (append ?ts_ph_Lst_0 nil) => ?ts_ph_Lst_0
19:39:30 [0m[33m[WARN] [0mproved: (qreva ?ts_ph_Lst_1 ?ts_ph_Lst_0) => (qrev (qreva ?ts_ph_Lst_0 ?ts_ph_Lst_1))
19:39:30 [0m[33m[WARN] [0mproved: (qrev (qreva ?ts_ph_Lst_0 ?ts_ph_Lst_1)) => (qreva ?ts_ph_Lst_1 ?ts_ph_Lst_0)
19:39:30 [0m[33m[WARN] [0mproved: (append (append ?ts_ph_Lst_0 ?ts_ph_Lst_1) ?ts_ph_Lst_2) => (append ?ts_ph_Lst_0 (append ?ts_ph_Lst_1 ?ts_ph_Lst_2))
19:39:30 [0m[33m[WARN] [0mproved: (append ?ts_ph_Lst_0 (append ?ts_ph_Lst_1 ?ts_ph_Lst_2)) => (append (append ?ts_ph_Lst_0 ?ts_ph_Lst_1) ?ts_ph_Lst_2)
19:39:30 [0m[33m[WARN] [0mproved: (rev (qreva ?ts_ph_Lst_0 ?ts_ph_Lst_1)) => (append (rev ?ts_ph_Lst_1) ?ts_ph_Lst_0)
19:39:30 [0m[33m[WARN] [0mproved: (append (rev ?ts_ph_Lst_1) ?ts_ph_Lst_0) => (rev (qreva ?ts_ph_Lst_0 ?ts_ph_Lst_1))
19:39:30 [0m[33m[WARN] [0mFound all lemmas
done in 592
