06:14:22 [0m[33m[WARN] [0mCollecting statistics
(len nil) => zero
zero => (len nil)
(len (cons ?x ?y)) => (succ (len ?y))
(append nil ?x0) => ?x0
(append (cons ?x ?y) ?z) => (cons ?x (append ?y ?z))
(cons ?x (append ?y ?z)) => (append (cons ?x ?y) ?z)
(rotate zero ?x1) => ?x1
(rotate (succ ?n) nil) => nil
(rotate (succ ?n) (cons ?y2 ?x3)) => (rotate ?n (append ?x3 (cons ?y2 nil)))
(rotate ?n (append ?x3 (cons ?y2 nil))) => (rotate (succ ?n) (cons ?y2 ?x3))
(plus zero ?n) => ?n
(plus (succ ?n) ?m) => (succ (plus ?n ?m))
(succ (plus ?n ?m)) => (plus (succ ?n) ?m)
Searcher: (rotate ?autovar7 nil)
Searcher: (rotate ?autovar7 (cons ?autovar3 ?autovar4))
Searcher: (rotate (succ ?autovar5) ?autovar8)
Searcher: (rotate (succ ?autovar6) ?autovar8)
06:14:22 [0m[33m[WARN] [0m ex is: zero
06:14:22 [0m[33m[WARN] [0m ex is: (succ zero)
06:14:22 [0m[33m[WARN] [0m ex is: (succ (succ zero))
06:14:22 [0m[33m[WARN] [0m ex is: nil
06:14:22 [0m[33m[WARN] [0m ex is: (cons autovar_Nat_0 nil)
06:14:22 [0m[33m[WARN] [0m ex is: (cons autovar_Nat_1 (cons autovar_Nat_0 nil))
06:14:22 [0m[33m[WARN] [0mRunning exploration without proof mode, but goals were given
06:14:22 [0m[33m[WARN] [0mProof mode: true
06:14:22 [0m[33m[WARN] [0m ex is: zero
06:14:22 [0m[33m[WARN] [0m ex is: (succ zero)
06:14:22 [0m[33m[WARN] [0m ex is: (succ (succ zero))
06:14:22 [0m[33m[WARN] [0m ex is: nil
06:14:22 [0m[33m[WARN] [0m ex is: (cons autovar_Nat_0 nil)
06:14:22 [0m[33m[WARN] [0m ex is: (cons autovar_Nat_1 (cons autovar_Nat_0 nil))
06:14:22 [0m[33m[WARN] [0mRunning exploration without proof mode, but goals were given
06:14:22 [0m[33m[WARN] [0mProof mode: true
06:14:22 [0m[33m[WARN] [0mproved: (rotate ?ts_ph_Nat_0 nil) => nil
06:14:22 [0m[33m[WARN] [0mproved: (plus ?ts_ph_Nat_0 zero) => ?ts_ph_Nat_0
06:14:22 [0m[33m[WARN] [0mproved: (append ?ts_ph_Lst_0 nil) => ?ts_ph_Lst_0
06:14:29 [0m[33m[WARN] [0mgeneralized case_split proof as: (plus ?ts_ph_Nat_0 (plus ?ts_ph_Nat_1 ?ts_ph_Nat_2)) -- (plus (plus ?ts_ph_Nat_0 ?ts_ph_Nat_1) ?ts_ph_Nat_2)
06:14:29 [0m[33m[WARN] [0mproved: (plus ?ts_ph_Nat_0 (plus ?ts_ph_Nat_1 ?ts_ph_Nat_2)) => (plus (plus ?ts_ph_Nat_0 ?ts_ph_Nat_1) ?ts_ph_Nat_2)
06:14:29 [0m[33m[WARN] [0mproved: (plus (plus ?ts_ph_Nat_0 ?ts_ph_Nat_1) ?ts_ph_Nat_2) => (plus ?ts_ph_Nat_0 (plus ?ts_ph_Nat_1 ?ts_ph_Nat_2))
06:14:29 [0m[33m[WARN] [0mproved: (plus (len ?ts_ph_Lst_0) (len ?ts_ph_Lst_1)) => (len (append ?ts_ph_Lst_0 ?ts_ph_Lst_1))
06:14:29 [0m[33m[WARN] [0mproved: (len (append ?ts_ph_Lst_0 ?ts_ph_Lst_1)) => (plus (len ?ts_ph_Lst_0) (len ?ts_ph_Lst_1))
06:14:29 [0m[33m[WARN] [0mproved: (rotate ?ts_ph_Nat_0 (cons ?ts_ph_Nat_1 nil)) => (cons ?ts_ph_Nat_1 nil)
06:14:29 [0m[33m[WARN] [0mproved: (succ (plus ?ts_ph_Nat_0 ?ts_ph_Nat_1)) => (plus ?ts_ph_Nat_0 (succ ?ts_ph_Nat_1))
06:14:29 [0m[33m[WARN] [0mproved: (plus ?ts_ph_Nat_0 (succ ?ts_ph_Nat_1)) => (succ (plus ?ts_ph_Nat_0 ?ts_ph_Nat_1))
06:14:29 [0m[33m[WARN] [0mFound all lemmas
done in 7136
