19:21:13 [0m[33m[WARN] [0mCollecting statistics
(leq ?__x0 ?__y1) => (or (= ?__x0 ?__y1) (less ?__x0 ?__y1))
(or (= ?__x0 ?__y1) (less ?__x0 ?__y1)) => (leq ?__x0 ?__y1)
(less ?x zero) => false
(less zero (succ ?x)) => true
(less (succ ?x) (succ ?y)) => (less ?x ?y)
(less ?x ?y) => (less (succ ?x) (succ ?y))
(plus zero ?n) => ?n
(plus (succ ?n) ?m) => (succ (plus ?n ?m))
(succ (plus ?n ?m)) => (plus (succ ?n) ?m)
Searcher: (less ?autovar5 (succ ?autovar1))
Searcher: (less ?autovar5 (succ ?autovar3))
Searcher: (less zero ?autovar6)
Searcher: (less (succ ?autovar4) ?autovar6)
19:21:13 [0m[33m[WARN] [0m ex is: zero
19:21:13 [0m[33m[WARN] [0m ex is: (succ zero)
19:21:13 [0m[33m[WARN] [0m ex is: (succ (succ zero))
19:21:13 [0m[33m[WARN] [0mRunning exploration without proof mode, but goals were given
19:21:13 [0m[33m[WARN] [0mProof mode: true
19:21:13 [0m[33m[WARN] [0m ex is: zero
19:21:13 [0m[33m[WARN] [0m ex is: (succ zero)
19:21:13 [0m[33m[WARN] [0m ex is: (succ (succ zero))
19:21:13 [0m[33m[WARN] [0mRunning exploration without proof mode, but goals were given
19:21:13 [0m[33m[WARN] [0mProof mode: true
19:21:13 [0m[33m[WARN] [0mproved: (plus ?ts_ph_Nat_0 zero) => ?ts_ph_Nat_0
19:21:13 [0m[33m[WARN] [0mproved: (leq zero ?ts_ph_Nat_0) => true
19:21:13 [0m[33m[WARN] [0mproved: (less ?ts_ph_Nat_0 ?ts_ph_Nat_0) => false
19:21:20 [0m[33m[WARN] [0mproved: (succ (plus ?ts_ph_Nat_0 ?ts_ph_Nat_1)) => (plus ?ts_ph_Nat_0 (succ ?ts_ph_Nat_1))
19:21:20 [0m[33m[WARN] [0mproved: (plus ?ts_ph_Nat_0 (succ ?ts_ph_Nat_1)) => (succ (plus ?ts_ph_Nat_0 ?ts_ph_Nat_1))
19:21:20 [0m[33m[WARN] [0mproved: (less (succ ?ts_ph_Nat_0) ?ts_ph_Nat_0) => false
19:21:20 [0m[33m[WARN] [0mproved: (less (plus ?ts_ph_Nat_0 ?ts_ph_Nat_1) ?ts_ph_Nat_0) => false
19:21:20 [0m[33m[WARN] [0mproved: (less ?ts_ph_Nat_0 (plus ?ts_ph_Nat_0 ?ts_ph_Nat_1)) => (less zero ?ts_ph_Nat_1)
19:21:20 [0m[33m[WARN] [0mFound all lemmas
done in 7644
