19:31:05 [0m[33m[WARN] [0mCollecting statistics
(leq ?__x0 ?__y1) => (or (= ?__x0 ?__y1) (less ?__x0 ?__y1))
(or (= ?__x0 ?__y1) (less ?__x0 ?__y1)) => (leq ?__x0 ?__y1)
(plus zero ?n) => ?n
(plus (succ ?n) ?m) => (succ (plus ?n ?m))
(succ (plus ?n ?m)) => (plus (succ ?n) ?m)
(count ?x nil) => zero
(count ?x (cons ?y ?z)) => (ite (= ?x ?y) (succ (count ?x ?z)) (count ?x ?z))
(ite (= ?x ?y) (succ (count ?x ?z)) (count ?x ?z)) => (count ?x (cons ?y ?z))
19:31:05 [0m[33m[WARN] [0m ex is: zero
19:31:05 [0m[33m[WARN] [0m ex is: (succ zero)
19:31:05 [0m[33m[WARN] [0m ex is: (succ (succ zero))
19:31:05 [0m[33m[WARN] [0m ex is: nil
19:31:05 [0m[33m[WARN] [0m ex is: (cons autovar_Nat_0 nil)
19:31:05 [0m[33m[WARN] [0m ex is: (cons autovar_Nat_1 (cons autovar_Nat_0 nil))
19:31:05 [0m[33m[WARN] [0mRunning exploration without proof mode, but goals were given
19:31:05 [0m[33m[WARN] [0mProof mode: true
19:31:05 [0m[33m[WARN] [0m ex is: zero
19:31:05 [0m[33m[WARN] [0m ex is: (succ zero)
19:31:05 [0m[33m[WARN] [0m ex is: (succ (succ zero))
19:31:05 [0m[33m[WARN] [0m ex is: nil
19:31:05 [0m[33m[WARN] [0m ex is: (cons autovar_Nat_0 nil)
19:31:05 [0m[33m[WARN] [0m ex is: (cons autovar_Nat_1 (cons autovar_Nat_0 nil))
19:31:05 [0m[33m[WARN] [0mRunning exploration without proof mode, but goals were given
19:31:05 [0m[33m[WARN] [0mProof mode: true
19:31:05 [0m[33m[WARN] [0mFound all lemmas
done in 2
