19:18:32 [0m[33m[WARN] [0mCollecting statistics
(leq ?__x0 ?__y1) => (or (= ?__x0 ?__y1) (less ?__x0 ?__y1))
(or (= ?__x0 ?__y1) (less ?__x0 ?__y1)) => (leq ?__x0 ?__y1)
(minus zero ?n) => zero
(minus ?n zero) => ?n
(minus (succ ?n) (succ ?m)) => (minus ?n ?m)
(minus ?n ?m) => (minus (succ ?n) (succ ?m))
(len nil) => zero
zero => (len nil)
(len (cons ?x ?y)) => (succ (len ?y))
(drop ?x nil) => nil
(drop zero ?x2) => ?x2
(drop (succ ?x) (cons ?y3 ?z)) => (drop ?x ?z)
Searcher: (minus ?autovar4 (succ ?autovar2))
Searcher: (minus (succ ?autovar3) ?autovar5)
Searcher: (drop ?autovar5 (cons ?autovar2 ?autovar3))
Searcher: (drop (succ ?autovar4) ?autovar6)
19:18:32 [0m[33m[WARN] [0m ex is: zero
19:18:32 [0m[33m[WARN] [0m ex is: (succ zero)
19:18:32 [0m[33m[WARN] [0m ex is: (succ (succ zero))
19:18:32 [0m[33m[WARN] [0m ex is: nil
19:18:32 [0m[33m[WARN] [0m ex is: (cons autovar_Nat_0 nil)
19:18:32 [0m[33m[WARN] [0m ex is: (cons autovar_Nat_1 (cons autovar_Nat_0 nil))
19:18:32 [0m[33m[WARN] [0mRunning exploration without proof mode, but goals were given
19:18:32 [0m[33m[WARN] [0mProof mode: true
19:18:32 [0m[33m[WARN] [0m ex is: zero
19:18:32 [0m[33m[WARN] [0m ex is: (succ zero)
19:18:32 [0m[33m[WARN] [0m ex is: (succ (succ zero))
19:18:32 [0m[33m[WARN] [0m ex is: nil
19:18:32 [0m[33m[WARN] [0m ex is: (cons autovar_Nat_0 nil)
19:18:32 [0m[33m[WARN] [0m ex is: (cons autovar_Nat_1 (cons autovar_Nat_0 nil))
19:18:32 [0m[33m[WARN] [0mRunning exploration without proof mode, but goals were given
19:18:32 [0m[33m[WARN] [0mProof mode: true
19:18:32 [0m[33m[WARN] [0mFound all lemmas
done in 13
