19:25:20 [0m[33m[WARN] [0mCollecting statistics
(leq ?__x0 ?__y1) => (or (= ?__x0 ?__y1) (less ?__x0 ?__y1))
(or (= ?__x0 ?__y1) (less ?__x0 ?__y1)) => (leq ?__x0 ?__y1)
(take ?x nil) => nil
(take zero ?x2) => nil
(take (succ ?x) (cons ?y ?z)) => (cons ?y (take ?x ?z))
(cons ?y (take ?x ?z)) => (take (succ ?x) (cons ?y ?z))
(lmap nil) => nil
nil => (lmap nil)
(lmap (cons ?x ?y3)) => (cons (f ?x) (lmap ?y3))
(cons (f ?x) (lmap ?y3)) => (lmap (cons ?x ?y3))
Searcher: (take ?autovar5 (cons ?autovar2 ?autovar3))
Searcher: (take (succ ?autovar4) ?autovar6)
19:25:20 [0m[33m[WARN] [0m ex is: zero
19:25:20 [0m[33m[WARN] [0m ex is: (succ zero)
19:25:20 [0m[33m[WARN] [0m ex is: (succ (succ zero))
19:25:20 [0m[33m[WARN] [0m ex is: nil
19:25:20 [0m[33m[WARN] [0m ex is: (cons autovar_Nat_0 nil)
19:25:20 [0m[33m[WARN] [0m ex is: (cons autovar_Nat_1 (cons autovar_Nat_0 nil))
19:25:20 [0m[33m[WARN] [0mRunning exploration without proof mode, but goals were given
19:25:20 [0m[33m[WARN] [0mProof mode: true
19:25:20 [0m[33m[WARN] [0m ex is: zero
19:25:20 [0m[33m[WARN] [0m ex is: (succ zero)
19:25:20 [0m[33m[WARN] [0m ex is: (succ (succ zero))
19:25:20 [0m[33m[WARN] [0m ex is: nil
19:25:20 [0m[33m[WARN] [0m ex is: (cons autovar_Nat_0 nil)
19:25:20 [0m[33m[WARN] [0m ex is: (cons autovar_Nat_1 (cons autovar_Nat_0 nil))
19:25:20 [0m[33m[WARN] [0mRunning exploration without proof mode, but goals were given
19:25:20 [0m[33m[WARN] [0mProof mode: true
19:25:20 [0m[33m[WARN] [0mFound all lemmas
done in 1
