19:28:38 [0m[33m[WARN] [0mCollecting statistics
(leq ?__x0 ?__y1) => (or (= ?__x0 ?__y1) (less ?__x0 ?__y1))
(or (= ?__x0 ?__y1) (less ?__x0 ?__y1)) => (leq ?__x0 ?__y1)
(append nil ?x) => ?x
(append (cons ?x2 ?y) ?z) => (cons ?x2 (append ?y ?z))
(cons ?x2 (append ?y ?z)) => (append (cons ?x2 ?y) ?z)
(rev nil) => nil
nil => (rev nil)
(rev (cons ?x3 ?y)) => (append (rev ?y) (cons ?x3 nil))
(append (rev ?y) (cons ?x3 nil)) => (rev (cons ?x3 ?y))
(rev (append ?x (cons ?y4 nil))) => (cons ?y4 (rev ?x))
(cons ?y4 (rev ?x)) => (rev (append ?x (cons ?y4 nil)))
19:28:38 [0m[33m[WARN] [0m ex is: zero
19:28:38 [0m[33m[WARN] [0m ex is: (succ zero)
19:28:38 [0m[33m[WARN] [0m ex is: (succ (succ zero))
19:28:38 [0m[33m[WARN] [0m ex is: nil
19:28:38 [0m[33m[WARN] [0m ex is: (cons autovar_Nat_0 nil)
19:28:38 [0m[33m[WARN] [0m ex is: (cons autovar_Nat_1 (cons autovar_Nat_0 nil))
19:28:38 [0m[33m[WARN] [0mRunning exploration without proof mode, but goals were given
19:28:38 [0m[33m[WARN] [0mProof mode: true
19:28:38 [0m[33m[WARN] [0m ex is: zero
19:28:38 [0m[33m[WARN] [0m ex is: (succ zero)
19:28:38 [0m[33m[WARN] [0m ex is: (succ (succ zero))
19:28:38 [0m[33m[WARN] [0m ex is: nil
19:28:38 [0m[33m[WARN] [0m ex is: (cons autovar_Nat_0 nil)
19:28:38 [0m[33m[WARN] [0m ex is: (cons autovar_Nat_1 (cons autovar_Nat_0 nil))
19:28:38 [0m[33m[WARN] [0mRunning exploration without proof mode, but goals were given
19:28:38 [0m[33m[WARN] [0mProof mode: true
19:28:38 [0m[33m[WARN] [0mFound all lemmas
done in 1
